<Map loaded successfully: 7>
<station_1 GREEN 2>
<Exit>