<Map loaded successfully: 1>
-------------------------------
<round: 1>
New engine at startPosition
-------------------------------
<round: 2>
<engine_1 at rail_1>
-------------------------------
<round: 3>
<engine_1 at rail_2>
-------------------------------
<round: 4>
<engine_1 at rail_3>
-------------------------------
<round: 5>
<engine_1 at rail_4>
-------------------------------
<round: 6>
<engine_1 at rail_5>
-------------------------------
<round: 7>
<engine_1 at switch_1>
-------------------------------
<round: 8>
<engine_1 at rail_6>
-------------------------------
<round: 9>
<engine_1 at rail_7>
-------------------------------
<round: 10>
<engine_1 at rail_8>
-------------------------------
<round: 11>
<engine_1 at rail_9>
-------------------------------
<round: 12>
<engine_1 at rail_10>
-------------------------------
<round: 13>
<engine_1 at rail_11>
<switch_1> <State: false>
-------------------------------
<round: 14>
<engine_1 at rail_12>
-------------------------------
<round: 15>
<engine_1 at rail_13>
-------------------------------
<round: 16>
<engine_1 at rail_14>
-------------------------------
<round: 17>
<engine_1 at rail_15>
-------------------------------
<round: 18>
<engine_1 at switch_1>
-------------------------------
<round: 19>
<engine_1 at rail_5>
-------------------------------
<round: 20>
<engine_1 at rail_4>
New engine at startPosition
-------------------------------
<round: 21>
<engine_1 at rail_3>
<engine_2 at rail_1>
-------------------------------
<round: 22>
<engine_1 at rail_2>
<engine_2 at rail_2>
Train crashed!
<Game over!>
-------------------------------
<Exit>