<Map loaded successfully: 4>
<tunnel_1>
<Tunnel position set to active>
<tunnel_2>
<Tunnel constructed>