<Map loaded successfully: 6>
<tunnel_1> 
<Tunnel position set to active>
<tunnel_2> 
<Tunnel constructed>
-------------------------------
<round: 1>
New engine at startPosition
-------------------------------
<round: 2>
<engine_1 at rail_1>
-------------------------------
<round: 3>
<engine_1 at rail_2>
-------------------------------
<round: 4>
<engine_1 at rail_3>
-------------------------------
<round: 5>
<engine_1 at rail_4>
-------------------------------
<round: 6>
<engine_1 at switch_1>
-------------------------------
<round: 7>
<engine_1 at tunnel_1>
-------------------------------
<round: 8>
<engine_1 at tunnelRail_0>
-------------------------------
<round: 9>
<engine_1 at tunnelRail_1>
-------------------------------
<round: 10>
<engine_1 at tunnelRail_2>
-------------------------------
<round: 11>
<engine_1 at tunnelRail_3>
-------------------------------
<round: 12>
<engine_1 at tunnelRail_4>
-------------------------------
<round: 13>
<engine_1 at tunnelRail_5>
-------------------------------
<round: 14>
<engine_1 at tunnelRail_6>
-------------------------------
<round: 15>
<engine_1 at tunnel_2>
-------------------------------
<round: 16>
<engine_1 at switch_1>
-------------------------------
<round: 17>
Train derailed!
<Game over!>
-------------------------------
<Exit>